// Jest Snapshot v1, https://goo.gl/fbAQLP

exports[`should render AddExpensePage 1`] = `
<DocumentFragment>
   
  <div>
    <h1>
       Add Expense
    </h1>
    <form
      data-testid="form-element"
    >
      <input
        placeholder="Description"
        type="text"
        value=""
      />
      <input
        placeholder="Amount"
        type="text"
        value=""
      />
      <div
        class="react-datepicker-wrapper"
      >
        <div
          class="react-datepicker__input-container react-datepicker__view-calendar-icon"
        >
          <svg
            class="react-datepicker__calendar-icon "
            viewBox="0 0 448 512"
            xmlns="http://www.w3.org/2000/svg"
          >
            <path
              d="M96 32V64H48C21.5 64 0 85.5 0 112v48H448V112c0-26.5-21.5-48-48-48H352V32c0-17.7-14.3-32-32-32s-32 14.3-32 32V64H160V32c0-17.7-14.3-32-32-32S96 14.3 96 32zM448 192H0V464c0 26.5 21.5 48 48 48H400c26.5 0 48-21.5 48-48V192z"
            />
          </svg>
          <input
            class=""
            type="text"
            value="12/23/2024"
          />
        </div>
      </div>
      <textarea
        placeholder="add a note for you expense"
      />
      <button
        data-testid="form-submit"
      >
         Add Expense
      </button>
    </form>
  </div>
   
</DocumentFragment>
`;
