// Jest Snapshot v1, https://goo.gl/fbAQLP

exports[`expenseList is rendered with empty array as expected 1`] = `
<DocumentFragment>
   
  <p>
     No expenses 
  </p>
   
</DocumentFragment>
`;

exports[`expenseList is rendered with expenses as expected 1`] = `
<DocumentFragment>
   
  <a
    href="/edit/1"
  >
    <h3>
      celine bag
    </h3>
  </a>
   
  <br />
  <p>
    $8.50-December 31st, 1969
  </p>
  <a
    href="/edit/2"
  >
    <h3>
      diamond ring
    </h3>
  </a>
   
  <br />
  <p>
    $12.50-December 31st, 1969
  </p>
  <a
    href="/edit/3"
  >
    <h3>
      jeans
    </h3>
  </a>
   
  <br />
  <p>
    $0.80-December 31st, 1969
  </p>
   
</DocumentFragment>
`;
