// Jest Snapshot v1, https://goo.gl/fbAQLP

exports[`expensesSummary is rendered as expected with 0 expenses 1`] = `
<DocumentFragment>
   viewing  expenses totalling $0.00! 
</DocumentFragment>
`;

exports[`expensesSummary is rendered with correct summary 1`] = `
<DocumentFragment>
   viewing  expenses totalling $0.00! 
</DocumentFragment>
`;
